warning: in the working copy of 'CURRENT_STATE.md', LF will be replaced by CRLF the next time Git touches it
warning: in the working copy of 'README.md', LF will be replaced by CRLF the next time Git touches it
warning: in the working copy of 'package-lock.json', LF will be replaced by CRLF the next time Git touches it
warning: in the working copy of 'package.json', LF will be replaced by CRLF the next time Git touches it
warning: in the working copy of 'src/authorized-plan-runner.ts', LF will be replaced by CRLF the next time Git touches it
warning: in the working copy of 'src/capability-manifest.ts', LF will be replaced by CRLF the next time Git touches it
warning: in the working copy of 'src/config.ts', LF will be replaced by CRLF the next time Git touches it
warning: in the working copy of 'src/crossing.ts', LF will be replaced by CRLF the next time Git touches it
warning: in the working copy of 'src/entity-observer.ts', LF will be replaced by CRLF the next time Git touches it
warning: in the working copy of 'src/evidence-bundle.ts', LF will be replaced by CRLF the next time Git touches it
warning: in the working copy of 'src/livingnpc-report.ts', LF will be replaced by CRLF the next time Git touches it
warning: in the working copy of 'src/negative-plan.ts', LF will be replaced by CRLF the next time Git touches it
warning: in the working copy of 'src/route-oracle.ts', LF will be replaced by CRLF the next time Git touches it
warning: in the working copy of 'src/runner.ts', LF will be replaced by CRLF the next time Git touches it
warning: in the working copy of 'src/scenario.ts', LF will be replaced by CRLF the next time Git touches it
warning: in the working copy of 'src/server.ts', LF will be replaced by CRLF the next time Git touches it
warning: in the working copy of 'src/snapshot.ts', LF will be replaced by CRLF the next time Git touches it
warning: in the working copy of 'src/types.ts', LF will be replaced by CRLF the next time Git touches it
warning: in the working copy of 'test/capability-manifest.test.ts', LF will be replaced by CRLF the next time Git touches it
warning: in the working copy of 'test/entity-observer.test.ts', LF will be replaced by CRLF the next time Git touches it
warning: in the working copy of 'test/report-contract.test.ts', LF will be replaced by CRLF the next time Git touches it
warning: in the working copy of 'test/runner-session.test.ts', LF will be replaced by CRLF the next time Git touches it
