To honour the JVM settings for this build a single-use Daemon process will be forked. For more on this, please refer to https://docs.gradle.org/9.7.1/userguide/gradle_daemon.html#sec:disabling_the_daemon in the Gradle documentation.
Daemon will be stopped at the end of the build
> Task :compileJava
> Task :processResources
> Task :classes
> Task :jar
> Task :assemble
> Task :compileTestJava NO-SOURCE
> Task :processTestResources NO-SOURCE
> Task :testClasses UP-TO-DATE
> Task :test NO-SOURCE
> Task :check UP-TO-DATE
> Task :build
> Task :keystore-companion:compileJava
> Task :keystore-companion:processResources
> Task :keystore-companion:classes
> Task :keystore-companion:jar
> Task :keystore-companion:assemble
> Task :keystore-companion:compileTestJava NO-SOURCE
> Task :keystore-companion:processTestResources NO-SOURCE
> Task :keystore-companion:testClasses UP-TO-DATE
> Task :keystore-companion:test NO-SOURCE
> Task :keystore-companion:check UP-TO-DATE
> Task :keystore-companion:build

[Incubating] Problems report is available at: file:///E:/AI.WORK/botcheckerminecraft-botchecker/paper-bukkit-adapter/build/reports/problems/problems-report.html

Deprecated Gradle features were used in this build, making it incompatible with Gradle 10.

You can use '--warning-mode all' to show the individual deprecation warnings and determine if they come from your own scripts or plugins.

For more on this, please refer to https://docs.gradle.org/9.7.1/userguide/command_line_interface.html#sec:command_line_warnings in the Gradle documentation.

BUILD SUCCESSFUL in 14s
6 actionable tasks: 6 executed
